=== Comprehensive Multi-Chain Wallet Tests ===

Current working directory: C:\Users\erick\source\repos\erickherrera\CriptoGualet

--- Part 1: BIP39/BIP44 Cryptographic Tests ---
Trying to find wordlist...
  Trying: assets/bip39/english.txt -> EXISTS
  Loaded BIP39 wordlist from: assets/bip39/english.txt
  Loaded BIP39 wordlist (2048 words)
[34m[TEST] Generate New Mnemonic[0m
Entropy (128 bits): 1bee9a7e2b4d9168e7e81bfdceb7fe8a
    Mnemonic (12 words): brief inquiry panel final suit refuse panic address worry interest zero begin
[32m  Γ£ô PASSED[0m
[34m[TEST] Validate Mnemonic[0m
[32m  Γ£ô PASSED[0m
[34m[TEST] Generate BIP39 Seed[0m
    BIP39 Seed (512 bits): 5d8bd96600e2b9b799b74d97f48895fb11530b9a9e00c832fb08bf794b758a2b6fe0e8271d0dffb72ddd46ef4d75289b9dfc0552fdf4bf3e227024a5a3eba888
[32m  Γ£ô PASSED[0m
[34m[TEST] Generate BIP32 Master Key[0m
    Master Private Key: b501200dd77f9dfd75850f2553f49cbf8e4fd30cb705301febcd1f8c08e262b6
    Master Chain Code: cc9a1f7d87b9ab00d4f77920e874b46b4dd57d343078a03d02eace9634cfa2f1
[32m  Γ£ô PASSED[0m
[34m[TEST] Derive Ethereum Addresses (BIP44)[0m
    Generated 5 Ethereum addresses (m/44'/60'/0'/0/x):
      Address 0: 0x6Bc50A4fD6Ff9653160c81645752E4243b7C7EfF
      Address 1: 0x809796D2aA7D7772D8858d49df5eE7Ba70A5A522
      Address 2: 0x448Fa5676Ff67B67566188105E9a3e8aBb5feD03
      Address 3: 0x0F66543cE27633d1fF142e485176868406747ad2
      Address 4: 0x10D3812126ACD8B6Fe800FC9F461231ED079E469
[32m  Γ£ô PASSED[0m
[34m[TEST] Derive Bitcoin Addresses (BIP44)[0m
    Generated 5 Bitcoin addresses (m/44'/0'/0'/0/x):
      Address 0: 1NKWDYvtrhtFzzg9dt814brcS74YWjKLuz
      Address 1: 1NZf86QcgGuF7wVGTFMRooVFYCA1pJ4RTR
      Address 2: 13vXvigcPFfYX9RrcV9dTAaRmzmLxQrEXH
      Address 3: 18AS4audjep4GwaHPFLXHgKXFNdfHscxKL
      Address 4: 12DNV2Wx4pzrjrF1yixXMGEVmJzJiRvvuL
[32m  Γ£ô PASSED[0m
[34m[TEST] Derive Litecoin Addresses (BIP44)[0m
    Generated 5 Litecoin addresses (m/44'/2'/0'/0/x):
      Address 0: LeHcvUAkxvsEyHc7tk51VffGCwxJCzMRj5
      Address 1: LX6Xb7S5E6QpSsLwjtEbAtXHJSgoXDyu4e
      Address 2: LXXXjC3oEYjUuDuUoVQKr9XbpfWwrBhRYQ
      Address 3: LgYty1SaYSpbsR9UVmM5MZA8qLiHhW753k
      Address 4: LRuB3bk87CcnByUEaXfjxmmdZjYbjxc1LB
[32m  Γ£ô PASSED[0m
[34m[TEST] Multi-Chain Address Derivation[0m
    Bitcoin0000000000000: 1FnV4xuZWW3WdDEUXeC36JnxyY7XZVTX8m
    Litecoin000000000000: La1SLBDPbAHZt1vdhnBLNKrjBkUobGm2Un
    Ethereum000000000000: 0x9698007F7D0aa76857E1Ae82B44C28fFBCC531b3
    BNB Chain00000000000: 0x9698007F7D0aa76857E1Ae82B44C28fFBCC531b3
    Polygon0000000000000: 0x9698007F7D0aa76857E1Ae82B44C28fFBCC531b3
    Avalanche C-Chain000: 0x9698007F7D0aa76857E1Ae82B44C28fFBCC531b3
    Arbitrum000000000000: 0x9698007F7D0aa76857E1Ae82B44C28fFBCC531b3
[32m  Γ£ô PASSED[0m
[34m[TEST] Litecoin Address Validation[0m
    LV4YvGZ2v3v3v3v3v3v3v3v3v3v3v3v3v300000000: VALID (Expected: VALID)
    MJp9xP89m2m8T979A3S89A3S8A3S8A3S8A00000000: VALID (Expected: VALID)
    3P14pXv9zg5Yv5v3v3v3v3v3v3v3v3v3v300000000: VALID (Expected: VALID)
    ltc1q7p9xP89m2m8T979A3S89A3S8A3S8A3S8A0000: INVALID (Expected: VALID)
    1A1zP1eP5QGefi2DMPTfTL5SLmv7DivfNa00000000: INVALID (Expected: INVALID)
    0x71C7656EC7ab88b098defB751B7401B5f6d8976F: INVALID (Expected: INVALID)
    invalid_address000000000000000000000000000: INVALID (Expected: INVALID)
[32m  Γ£ô PASSED[0m
[34m[TEST] Keccak256 Test Vector[0m
    Keccak256("hello"): 1c8aff956085c2ed4bc3174f3472287b56d9517b9c948127319a90a7a36deac8
    Expected:             1c8aff950685c2ed4bc3174f3472287b56d9517b9c948127319a09a7a36deac8
[32m  Γ£ô PASSED[0m

--- Part 2: Repository-Based Multi-Chain Wallet Tests ---

[36m==================================================[0m
[36m Multi-Chain Wallet Support Tests[0m
[36m==================================================[0m
[DATABASE_AUDIT] [2026-01-30 14:25:50] Operation: EXECUTE_QUERY_SUCCESS, Details: PRAGMA foreign_keys = ON;
[DATABASE_AUDIT] [2026-01-30 14:25:50] Operation: EXECUTE_QUERY_SUCCESS, Details: PRAGMA secure_delete = ON;
[DATABASE_AUDIT] [2026-01-30 14:25:50] Operation: EXECUTE_QUERY_SUCCESS, Details: PRAGMA journal_mode = WAL;
[DATABASE_AUDIT] [2026-01-30 14:25:50] Operation: EXECUTE_QUERY_SUCCESS, Details: PRAGMA synchronous = FULL;
[DATABASE_AUDIT] [2026-01-30 14:25:50] Operation: EXECUTE_QUERY_SUCCESS, Details: PRAGMA cache_size = -64000;
[DATABASE_AUDIT] [2026-01-30 14:25:50] Operation: EXECUTE_QUERY_SUCCESS, Details:              CREATE TABLE IF NOT EXISTS users (                 id INTEGER PRIMARY KEY AUTOINCREMENT,                 username TEXT NOT NULL UNIQUE,                 password_hash TEXT NOT NULL,                 salt BLOB NOT NULL,                 created_at TEXT NOT NULL DEFAULT CURRENT_TIMESTAMP,                 last_login TEXT,                 wallet_version INTEGER NOT NULL DEFAULT 1,                 is_active INTEGER NOT NULL DEFAULT 1,                 totp_enabled INTEGER NOT NULL DEFAULT 0,                 totp_secret TEXT,                 totp_secret_pending TEXT,                 backup_codes TEXT             );              CREATE TABLE IF NOT EXISTS wallets (                 id INTEGER PRIMARY KEY AUTOINCREMENT,                 user_id INTEGER NOT NULL,                 wallet_name TEXT NOT NULL,                 wallet_type TEXT NOT NULL DEFAULT 'bitcoin',                 derivation_path TEXT,                 extended_public_key TEXT,                 created_at TEXT NOT NULL DEFAULT CURRENT_TIMESTAMP,                 is_active INTEGER NOT NULL DEFAULT 1,                 FOREIGN KEY (user_id) REFERENCES users(id)             );              CREATE TABLE IF NOT EXISTS addresses (                 id INTEGER PRIMARY KEY AUTOINCREMENT,                 wallet_id INTEGER NOT NULL,                 address TEXT NOT NULL UNIQUE,                 address_index INTEGER NOT NULL,                 is_change INTEGER NOT NULL DEFAULT 0,                 public_key TEXT,                 created_at TEXT NOT NULL DEFAULT CURRENT_TIMESTAMP,                 label TEXT,                 balance_satoshis INTEGER NOT NULL DEFAULT 0,                 FOREIGN KEY (wallet_id) REFERENCES wallets(id),                 UNIQUE (wallet_id, address_index, is_change)             );              CREATE TABLE IF NOT EXISTS erc20_tokens (                 id INTEGER PRIMARY KEY AUTOINCREMENT,                 wallet_id INTEGER NOT NULL,                 contract_address TEXT NOT NULL,                 symbol TEXT NOT NULL,                 name TEXT NOT NULL,                 decimals INTEGER NOT NULL,                 created_at TEXT NOT NULL DEFAULT CURRENT_TIMESTAMP,                 FOREIGN KEY (wallet_id) REFERENCES wallets(id),                 UNIQUE (wallet_id, contract_address)             );              CREATE TABLE IF NOT EXISTS transactions (                 id INTEGER PRIMARY KEY AUTOINCREMENT,                 wallet_id INTEGER NOT NULL,                 txid TEXT NOT NULL UNIQUE,                 block_height INTEGER,                 block_hash TEXT,                 amount_satoshis INTEGER NOT NULL,                 fee_satoshis INTEGER NOT NULL DEFAULT 0,                 direction TEXT NOT NULL,                 from_address TEXT,                 to_address TEXT,                 confirmation_count INTEGER NOT NULL DEFAULT 0,                 is_confirmed INTEGER NOT NULL DEFAULT 0,                 created_at TEXT NOT NULL DEFAULT CURRENT_TIMESTAMP,                 confirmed_at TEXT,                 memo TEXT,                 FOREIGN KEY (wallet_id) REFERENCES wallets(id)             );              CREATE TABLE IF NOT EXISTS transaction_inputs (                 id INTEGER PRIMARY KEY AUTOINCREMENT,                 transaction_id INTEGER NOT NULL,                 input_index INTEGER NOT NULL,                 prev_txid TEXT NOT NULL,                 prev_output_index INTEGER NOT NULL,                 script_sig TEXT,                 sequence INTEGER DEFAULT 4294967295,                 address TEXT,                 amount_satoshis INTEGER,                 FOREIGN KEY (transaction_id) REFERENCES transactions(id),                 UNIQUE (transaction_id, input_index)             );              CREATE TABLE IF NOT EXISTS transaction_outputs (                 id INTEGER PRIMARY KEY AUTOINCREMENT,                 transaction_id INTEGER NOT NULL,                 output_index INTEGER NOT NULL,                 script_pubkey TEXT,                 address TEXT,                 amount_satoshis INTEGER NOT NULL,                 is_spent INTEGER DEFAULT 0,                 spent_in_txid TEXT,                 FOREIGN KEY (transaction_id) REFERENCES transactions(id),                 UNIQUE (transaction_id, output_index)             );              CREATE TABLE IF NOT EXISTS encrypted_seeds (                 id INTEGER PRIMARY KEY AUTOINCREMENT,                 user_id INTEGER NOT NULL UNIQUE,                 encrypted_seed BLOB NOT NULL,                 encryption_salt BLOB NOT NULL,                 verification_hash BLOB NOT NULL,                 key_derivation_iterations INTEGER NOT NULL DEFAULT 600000,                 created_at TEXT NOT NULL DEFAULT CURRENT_TIMESTAMP,                 backup_confirmed INTEGER NOT NULL DEFAULT 0,                 FOREIGN KEY (user_id) REFERENCES users(id)             );              CREATE INDEX IF NOT EXISTS idx_users_username ON users(username);             CREATE INDEX IF NOT EXISTS idx_wallets_user_id ON wallets(user_id);             CREATE INDEX IF NOT EXISTS idx_addresses_wallet_id ON addresses(wallet_id);             CREATE INDEX IF NOT EXISTS idx_addresses_address ON addresses(address);             CREATE INDEX IF NOT EXISTS idx_transactions_wallet_id ON transactions(wallet_id);             CREATE INDEX IF NOT EXISTS idx_transactions_txid ON transactions(txid);             CREATE INDEX IF NOT EXISTS idx_transaction_inputs_txid ON transaction_inputs(transaction_id);             CREATE INDEX IF NOT EXISTS idx_transaction_outputs_txid ON transaction_outputs(transaction_id);             CREATE INDEX IF NOT EXISTS idx_erc20_tokens_wallet_contract ON erc20_tokens(wallet_id, contract_address);             CREATE INDEX IF NOT EXISTS idx_wallets_user_type ON wallets(user_id, wallet_type);             CREATE INDEX IF NOT EXISTS idx_wallets_user_active ON wallets(user_id, is_active);             CREATE INDEX IF NOT EXISTS idx_transactions_wallet_date ON transactions(wallet_id, created_at DESC);             CREATE INDEX IF NOT EXISTS idx_transactions_wallet_confirmed ON transactions(wallet_id, is_confirmed);             CREATE INDEX IF NOT EXISTS idx_transactions_wallet_direction_date ON transactions(wallet_id, direction, created_at DESC);             CREATE INDEX IF NOT EXISTS idx_addresses_wallet_change ON addresses(wallet_id, is_change);             CREATE INDEX IF NOT EXISTS idx_addresses_wallet_balance ON addresses(wallet_id, balance_satoshis DESC);         
[34m[TEST] Create Ethereum Wallet[0m
    Created Ethereum wallet with ID: 1
[32m  Γ£ô PASSED[0m
[34m[TEST] Create Litecoin Wallet[0m
    Created Litecoin wallet with ID: 2
[32m  Γ£ô PASSED[0m
[34m[TEST] Multiple Wallet Types Per User[0m
    Successfully created wallets for 3 different chains
[32m  Γ£ô PASSED[0m
[34m[TEST] Bitcoin Address Generation (Repository)[0m
    Generated Bitcoin address: bc1q60001rzzzzzzzzzzzzzzzzzzzzzzzzzzzzzzzz
    Address has valid Bitcoin prefix: Yes
[32m  Γ£ô PASSED[0m
[34m[TEST] Ethereum Address Generation (Repository)[0m
    Generated Ethereum address: 0x0000000700000001f00000000000000000000000
    Address format validation: PASS
[32m  Γ£ô PASSED[0m
[34m[TEST] Litecoin Address Generation (Repository)[0m
    Generated Litecoin address: L80001rxxxxxxxxxxxxxxxxxxxxxxx
    Address has valid Litecoin prefix: Yes
[32m  Γ£ô PASSED[0m
[34m[TEST] Wallet Chain Isolation[0m
[32m  Γ£ô PASSED[0m
[34m[TEST] Unsupported Chain Rejection[0m
    Rejected unsupported chain: dogecoin
    Rejected unsupported chain: ripple
    Rejected unsupported chain: unknown_coin
[32m  Γ£ô PASSED[0m
[34m[TEST] BIP44 Derivation Paths for Different Chains[0m
    Bitcoin derivation path: m/44'/0'/0'/0/0
    Ethereum derivation path: m/44'/60'/0'/0/0
[32m  Γ£ô PASSED[0m

[34m---------- Test Summary for Multi-Chain Wallet Tests ----------[0m
[32m  PASSED: 19[0m
[31m  FAILED: 0[0m
[34m  TOTAL:  19[0m
[34m----------------------------------------------------[0m
.\out\build\win-vs2022-x64-debug\bin\Debug\test_wallet_chains.exe : 
2026-01-30 14:26:09.304: ERROR CORE sqlite3_rekey_v2: no key provided 
for db : rekey can't be used to decrypt an encrypted database
At line:1 char:1
+ .\out\build\win-vs2022-x64-debug\bin\Debug\test_wallet_chains.exe > 
t ...
+ ~~~~~~~~~~~~~~~~~~~~~~~~~~~~~~~~~~~~~~~~~~~~~~~~~~~~~~~~~~~~~~~~~~~~~
    + CategoryInfo          : NotSpecified: (2026-01-30 14:2...rypted  
   database:String) [], RemoteException
    + FullyQualifiedErrorId : NativeCommandError
 

=== All Tests Complete ===
